// Jest Snapshot v1, https://goo.gl/fbAQLP

exports[`components/Footer test if all headings and links are on the DOM 1`] = `
<div>
  <div
    class="footer"
  >
    <div
      class="ant-row ant-row-space-between ant-row-top"
    >
      <div
        class="ant-col ant-col-8"
      >
        <h2>
          About Data
        </h2>
        <p>
          All the data contained in the RUSH platform is aggregated from both primary and secondary data sources from the 47 counties in Kenya. The data is updated on a monthly basis.
        </p>
      </div>
      <div
        class="ant-col ant-col-4"
      >
        <h2>
          External Links
        </h2>
        <ul>
          <li>
            <a
              href="https://washdata.org/how-we-work/about-jmp#:~:text=Background,hygiene%20(WASH)%20since%201990"
              rel="noreferrer"
              target="_blank"
            >
              JMP
            </a>
          </li>
          <li>
            <a
              href=" http://wash.health.go.ke/clts/index.jsp"
              rel="noreferrer"
              target="_blank"
            >
              CLTS RTMIS
            </a>
          </li>
          <li>
            <a
              href="https://www.who.int/teams/environment-climate-change-and-health/water-sanitation-and-health/monitoring-and-evidence/wash-systems-monitoring/un-water-global-analysis-and-assessment-of-sanitation-and-drinking-water"
              rel="noreferrer"
              target="_blank"
            >
              GLAAS
            </a>
          </li>
        </ul>
      </div>
      <div
        class="ant-col ant-col-4"
      >
        <h2>
          Resources
        </h2>
        <ul>
          <li>
            <a
              href="#"
              rel="noreferrer"
              target="_blank"
            >
              International Resources
            </a>
          </li>
          <li>
            <a
              href="#"
              rel="noreferrer"
              target="_blank"
            >
              National Resources
            </a>
          </li>
          <li>
            <a
              href="#"
              rel="noreferrer"
              target="_blank"
            >
              County Resources
            </a>
          </li>
        </ul>
      </div>
      <div
        class="ant-col ant-col-6"
      >
        <h2>
          Contacts
        </h2>
        <p>
          Afya House, Cathedral Road, P.O. Box:30016–00100, Nairobi, Kenya
        </p>
        <ul>
          <li>
            Phone:
            <a
              href="tel:+25x-xx-xxxxx"
              rel="noreferrer"
              target="_blank"
            >
              +25x-xx-xxxxx
            </a>
          </li>
          <li>
            Email:
            <a
              href="mailto:xxx@health.go.ke"
              rel="noreferrer"
              target="_blank"
            >
              xxx@health.go.ke
            </a>
          </li>
        </ul>
      </div>
    </div>
    <div
      class="ant-row ant-row-space-between ant-row-top end"
    >
      <div
        class="ant-col"
      >
        © 2022 — Ministry of Health
      </div>
      <div
        class="ant-col"
      >
        <a
          href="https://www.akvo.org"
          rel="noreferrer"
          target="_blank"
        >
          Akvo
        </a>
      </div>
    </div>
  </div>
</div>
`;
