// Jest Snapshot v1, https://goo.gl/fbAQLP

exports[`components/Header test if Header has a clickable logo 1`] = `
<DocumentFragment>
  <div
    id="home"
  >
    <div
      class="home-odd about"
    >
      <div
        class="ant-row"
      >
        <div
          class="ant-col ant-col-12"
          style="border-right: 1px solid #888;"
        >
          <h1>
            About RUSH
          </h1>
          <p>
            The Kenya Rural Urban Sanitation and Hygiene (RUSH) platform is a real-time monitoring and information system owned by the Ministry of Health. The platform aggregates quantitative and qualitative data from county and national levels and facilitates data analysis, report generation and visualizations.
          </p>
        </div>
        <div
          class="ant-col ant-col-12"
        >
          <h1>
            Partners
          </h1>
          <div
            class="ant-row ant-row-center ant-row-middle"
            style="margin-top: 24px;"
          >
            <div
              class="ant-space ant-space-horizontal ant-space-align-center"
            >
              <div
                class="ant-space-item"
                style="margin-right: 50px;"
              >
                <div
                  class="ant-image"
                  style="width: 160px;"
                >
                  <img
                    alt="us-aid.png"
                    class="ant-image-img"
                    src="/assets/partners/us-aid.png"
                  />
                </div>
              </div>
              <div
                class="ant-space-item"
                style="margin-right: 50px;"
              >
                <div
                  class="ant-image"
                  style="width: 160px;"
                >
                  <img
                    alt="japan.png"
                    class="ant-image-img"
                    src="/assets/partners/japan.png"
                  />
                </div>
              </div>
              <div
                class="ant-space-item"
              >
                <div
                  class="ant-image"
                  style="width: 160px;"
                >
                  <img
                    alt="unicef.png"
                    class="ant-image-img"
                    src="/assets/partners/unicef.png"
                  />
                </div>
              </div>
            </div>
          </div>
        </div>
      </div>
    </div>
    <div
      class="home-even highlights"
    >
      <div
        class="body"
        id="home-visualisation"
      >
        <div
          class="ant-tabs ant-tabs-top ant-tabs-centered"
        >
          <div
            class="ant-tabs-nav"
            role="tablist"
          >
            <div
              class="ant-tabs-nav-wrap"
            >
              <div
                class="ant-tabs-nav-list"
                style="transform: translate(0px, 0px);"
              >
                <div
                  class="ant-tabs-ink-bar ant-tabs-ink-bar-animated"
                />
              </div>
            </div>
            <div
              class="ant-tabs-nav-operations ant-tabs-nav-operations-hidden"
            >
              <button
                aria-controls="rc-tabs-test-more-popup"
                aria-expanded="false"
                aria-haspopup="listbox"
                aria-hidden="true"
                class="ant-tabs-nav-more"
                id="rc-tabs-test-more"
                style="visibility: hidden; order: 1;"
                tabindex="-1"
                type="button"
              >
                <span
                  aria-label="ellipsis"
                  class="anticon anticon-ellipsis"
                  role="img"
                >
                  <svg
                    aria-hidden="true"
                    data-icon="ellipsis"
                    fill="currentColor"
                    focusable="false"
                    height="1em"
                    viewBox="64 64 896 896"
                    width="1em"
                  >
                    <path
                      d="M176 511a56 56 0 10112 0 56 56 0 10-112 0zm280 0a56 56 0 10112 0 56 56 0 10-112 0zm280 0a56 56 0 10112 0 56 56 0 10-112 0z"
                    />
                  </svg>
                </span>
              </button>
            </div>
          </div>
          <div
            class="ant-tabs-content-holder"
          >
            <div
              class="ant-tabs-content ant-tabs-content-top"
            />
          </div>
        </div>
        <div>
          <div
            class="map-wrapper"
          />
          <div
            class="ant-collapse ant-collapse-borderless ant-collapse-icon-position-left chart-collapse"
            style="display: none;"
          >
            <div
              class="ant-collapse-item chart-panel"
            >
              <div
                aria-expanded="false"
                class="ant-collapse-header"
                role="button"
                tabindex="0"
              >
                <div>
                  <span
                    aria-label="right"
                    class="anticon anticon-right ant-collapse-arrow"
                    role="img"
                  >
                    <svg
                      aria-hidden="true"
                      data-icon="right"
                      fill="currentColor"
                      focusable="false"
                      height="1em"
                      viewBox="64 64 896 896"
                      width="1em"
                    >
                      <path
                        d="M765.7 486.8L314.9 134.7A7.97 7.97 0 00302 141v77.3c0 4.9 2.3 9.6 6.1 12.6l360 281.1-360 281.1c-3.9 3-6.1 7.7-6.1 12.6V883c0 6.7 7.7 10.4 12.9 6.3l450.8-352.1a31.96 31.96 0 000-50.4z"
                      />
                    </svg>
                  </span>
                </div>
                Explore county-wise details
              </div>
              <div
                class="ant-collapse-content ant-collapse-content-inactive"
                style="display: none;"
              >
                <div
                  class="ant-collapse-content-box"
                >
                  <div
                    class="chart-wrapper"
                  />
                </div>
              </div>
            </div>
          </div>
        </div>
      </div>
    </div>
    <div
      class="home-odd contact"
    >
      <h1>
        Contact Us
      </h1>
      <div
        class="ant-row ant-row-center ant-row-middle"
      >
        <div
          class="ant-space ant-space-vertical ant-space-align-center"
        >
          <div
            class="ant-space-item"
            style="margin-bottom: 8px;"
          >
            <h3>
              Get in touch with us for support or feedback.
            </h3>
          </div>
          <div
            class="ant-space-item"
          >
            <button
              class="ant-btn ant-btn-primary"
              type="button"
            >
              <span>
                Send Feedback
              </span>
            </button>
          </div>
        </div>
      </div>
    </div>
  </div>
</DocumentFragment>
`;
