// Jest Snapshot v1, https://goo.gl/fbAQLP

exports[`pages/control-center Test if the heading is on the document 1`] = `
<div>
  <div
    id="control-center"
  >
    <div
      class="ant-row ant-row-space-between"
    >
      <div
        class="ant-breadcrumb"
      >
        <span>
          <span
            class="ant-breadcrumb-link"
          >
            <a
              href="/control-center"
            >
              <h1
                class="ant-typography"
                style="display: inline;"
              >
                Control Center
              </h1>
            </a>
          </span>
          <span
            class="ant-breadcrumb-separator"
          >
            &gt;
          </span>
        </span>
      </div>
      
    </div>
    <div
      class="description-paragraph"
    >
      Instant access to all the administration pages and overview panels for data approvals.
    </div>
    <div
      class="ant-divider ant-divider-horizontal"
      role="separator"
    />
    <div
      class="ant-row"
      data-testid="control-center-cards"
      style="margin: -8px -8px -8px -8px;"
    />
  </div>
</div>
`;

exports[`pages/control-center test cards 1`] = `null`;
