// Jest Snapshot v1, https://goo.gl/fbAQLP

exports[`pages/add-user test AddUser page 1`] = `
<div>
  <div
    id="add-user"
  >
    <div
      class="ant-row ant-row-space-between"
    >
      <div
        class="ant-col"
      >
        <div
          class="ant-breadcrumb"
        >
          <span>
            <span
              class="ant-breadcrumb-link"
            >
              <a
                href="/control-center"
              >
                <h1
                  class="ant-typography"
                  style="display: inline;"
                >
                  Control Center
                </h1>
              </a>
            </span>
            <span
              class="ant-breadcrumb-separator"
            >
              &gt;
            </span>
          </span>
          <span>
            <span
              class="ant-breadcrumb-link"
            >
              <a
                href="/users"
              >
                <h2
                  class="ant-typography"
                  style="display: inline;"
                >
                  Manage Users
                </h2>
              </a>
            </span>
            <span
              class="ant-breadcrumb-separator"
            >
              &gt;
            </span>
          </span>
          <span>
            <span
              class="ant-breadcrumb-link"
            >
              <h3
                class="ant-typography"
                style="display: inline;"
              >
                Add User
              </h3>
            </span>
            <span
              class="ant-breadcrumb-separator"
            >
              &gt;
            </span>
          </span>
        </div>
        <div
          class="description-paragraph"
        >
          <p>
            This page allows you to add users to the RUSH platform.You will only be able to add users for regions under your jurisdisction.
            <br />
            Once you have added the user, the user will be notified by email to set their password and access the platform
          </p>
        </div>
      </div>
    </div>
    <div
      class="ant-divider ant-divider-horizontal"
      role="separator"
    />
    <form
      class="ant-form ant-form-vertical"
      id="user-form"
    >
      <div
        class="ant-card ant-card-bordered"
      >
        <div
          class="ant-card-body"
          style="padding: 0px;"
        >
          <div
            class="ant-row form-row"
          >
            <div
              class="ant-col ant-col-12"
            >
              <div
                class="ant-row ant-form-item ant-form-item-has-success"
              >
                <div
                  class="ant-col ant-form-item-label"
                >
                  <label
                    class="ant-form-item-required"
                    for="user-form_first_name"
                    title="First name"
                  >
                    First name
                  </label>
                </div>
                <div
                  class="ant-col ant-form-item-control"
                >
                  <div
                    class="ant-form-item-control-input"
                  >
                    <div
                      class="ant-form-item-control-input-content"
                    >
                      <input
                        class="ant-input"
                        data-testid="name"
                        id="user-form_first_name"
                        type="text"
                        value="Fanilo"
                      />
                    </div>
                  </div>
                </div>
              </div>
            </div>
            <div
              class="ant-col ant-col-12"
            >
              <div
                class="ant-row ant-form-item ant-form-item-has-success"
              >
                <div
                  class="ant-col ant-form-item-label"
                >
                  <label
                    class="ant-form-item-required"
                    for="user-form_last_name"
                    title="Last name"
                  >
                    Last name
                  </label>
                </div>
                <div
                  class="ant-col ant-form-item-control"
                >
                  <div
                    class="ant-form-item-control-input"
                  >
                    <div
                      class="ant-form-item-control-input-content"
                    >
                      <input
                        class="ant-input"
                        data-testid="last-name"
                        id="user-form_last_name"
                        type="text"
                        value="Tokiniaina"
                      />
                    </div>
                  </div>
                </div>
              </div>
            </div>
          </div>
          <div
            class="form-row"
          >
            <div
              class="ant-row ant-form-item ant-form-item-has-success"
            >
              <div
                class="ant-col ant-form-item-label"
              >
                <label
                  class="ant-form-item-required"
                  for="user-form_email"
                  title="Email Address"
                >
                  Email Address
                </label>
              </div>
              <div
                class="ant-col ant-form-item-control"
              >
                <div
                  class="ant-form-item-control-input"
                >
                  <div
                    class="ant-form-item-control-input-content"
                  >
                    <input
                      class="ant-input"
                      data-testid="email"
                      id="user-form_email"
                      type="text"
                      value="fanilo@gmail.com"
                    />
                  </div>
                </div>
              </div>
            </div>
          </div>
          <div
            class="form-row"
          >
            <div
              class="ant-row ant-form-item ant-form-item-has-success"
            >
              <div
                class="ant-col ant-form-item-label"
              >
                <label
                  class="ant-form-item-required"
                  for="user-form_phone_number"
                  title="Phone Number"
                >
                  Phone Number
                </label>
              </div>
              <div
                class="ant-col ant-form-item-control"
              >
                <div
                  class="ant-form-item-control-input"
                >
                  <div
                    class="ant-form-item-control-input-content"
                  >
                    <input
                      class="ant-input"
                      data-testid="phone-number"
                      id="user-form_phone_number"
                      type="text"
                      value="+261348113468"
                    />
                  </div>
                </div>
              </div>
            </div>
          </div>
          <div
            class="form-row"
          >
            <div
              class="ant-row ant-form-item ant-form-item-with-help ant-form-item-has-error"
            >
              <div
                class="ant-col ant-form-item-label"
              >
                <label
                  class="ant-form-item-required"
                  for="user-form_organisation"
                  title="Organization"
                >
                  Organization
                </label>
              </div>
              <div
                class="ant-col ant-form-item-control"
              >
                <div
                  class="ant-form-item-control-input"
                >
                  <div
                    class="ant-form-item-control-input-content"
                  >
                    <div
                      class="ant-select ant-select-single ant-select-allow-clear ant-select-show-arrow"
                    >
                      <div
                        class="ant-select-selector"
                      >
                        <span
                          class="ant-select-selection-search"
                        >
                          <input
                            aria-activedescendant="user-form_organisation_list_0"
                            aria-autocomplete="list"
                            aria-controls="user-form_organisation_list"
                            aria-haspopup="listbox"
                            aria-owns="user-form_organisation_list"
                            autocomplete="off"
                            class="ant-select-selection-search-input"
                            id="user-form_organisation"
                            readonly=""
                            role="combobox"
                            style="opacity: 0;"
                            type="search"
                            unselectable="on"
                            value=""
                          />
                        </span>
                        <span
                          class="ant-select-selection-placeholder"
                        >
                          Select one..
                        </span>
                      </div>
                      <span
                        aria-hidden="true"
                        class="ant-select-arrow"
                        style="user-select: none;"
                        unselectable="on"
                      >
                        <span
                          aria-label="down"
                          class="anticon anticon-down ant-select-suffix"
                          role="img"
                        >
                          <svg
                            aria-hidden="true"
                            data-icon="down"
                            fill="currentColor"
                            focusable="false"
                            height="1em"
                            viewBox="64 64 896 896"
                            width="1em"
                          >
                            <path
                              d="M884 256h-75c-5.1 0-9.9 2.5-12.9 6.6L512 654.2 227.9 262.6c-3-4.1-7.8-6.6-12.9-6.6h-75c-6.5 0-10.3 7.4-6.5 12.7l352.6 486.1c12.8 17.6 39 17.6 51.7 0l352.6-486.1c3.9-5.3.1-12.7-6.4-12.7z"
                            />
                          </svg>
                        </span>
                      </span>
                    </div>
                  </div>
                </div>
                <div
                  class="ant-form-item-explain ant-form-item-explain-connected"
                >
                  <div
                    class="ant-form-item-explain-error"
                    role="alert"
                  >
                    Please select an Organization
                  </div>
                </div>
              </div>
            </div>
          </div>
          <div
            class="form-row"
          >
            <div
              class="ant-row ant-form-item ant-form-item-with-help ant-form-item-has-error"
            >
              <div
                class="ant-col ant-form-item-label"
              >
                <label
                  class="ant-form-item-required"
                  for="user-form_designation"
                  title="Designation"
                >
                  Designation
                </label>
              </div>
              <div
                class="ant-col ant-form-item-control"
              >
                <div
                  class="ant-form-item-control-input"
                >
                  <div
                    class="ant-form-item-control-input-content"
                  >
                    <div
                      class="ant-select ant-select-single ant-select-show-arrow"
                    >
                      <div
                        class="ant-select-selector"
                      >
                        <span
                          class="ant-select-selection-search"
                        >
                          <input
                            aria-activedescendant="user-form_designation_list_0"
                            aria-autocomplete="list"
                            aria-controls="user-form_designation_list"
                            aria-haspopup="listbox"
                            aria-owns="user-form_designation_list"
                            autocomplete="off"
                            class="ant-select-selection-search-input"
                            id="user-form_designation"
                            readonly=""
                            role="combobox"
                            style="opacity: 0;"
                            type="search"
                            unselectable="on"
                            value=""
                          />
                        </span>
                        <span
                          class="ant-select-selection-placeholder"
                        >
                          Select one..
                        </span>
                      </div>
                      <span
                        aria-hidden="true"
                        class="ant-select-arrow"
                        style="user-select: none;"
                        unselectable="on"
                      >
                        <span
                          aria-label="down"
                          class="anticon anticon-down ant-select-suffix"
                          role="img"
                        >
                          <svg
                            aria-hidden="true"
                            data-icon="down"
                            fill="currentColor"
                            focusable="false"
                            height="1em"
                            viewBox="64 64 896 896"
                            width="1em"
                          >
                            <path
                              d="M884 256h-75c-5.1 0-9.9 2.5-12.9 6.6L512 654.2 227.9 262.6c-3-4.1-7.8-6.6-12.9-6.6h-75c-6.5 0-10.3 7.4-6.5 12.7l352.6 486.1c12.8 17.6 39 17.6 51.7 0l352.6-486.1c3.9-5.3.1-12.7-6.4-12.7z"
                            />
                          </svg>
                        </span>
                      </span>
                    </div>
                  </div>
                </div>
                <div
                  class="ant-form-item-explain ant-form-item-explain-connected"
                >
                  <div
                    class="ant-form-item-explain-error"
                    role="alert"
                  >
                    Please select a Designation
                  </div>
                </div>
              </div>
            </div>
          </div>
          <div
            class="form-row"
          >
            <div
              class="ant-row ant-form-item"
            >
              <div
                class="ant-col ant-form-item-control"
              >
                <div
                  class="ant-form-item-control-input"
                >
                  <div
                    class="ant-form-item-control-input-content"
                  >
                    <label
                      class="ant-checkbox-wrapper"
                    >
                      <span
                        class="ant-checkbox"
                      >
                        <input
                          class="ant-checkbox-input"
                          id="user-form_trained"
                          type="checkbox"
                          value=""
                        />
                        <span
                          class="ant-checkbox-inner"
                        />
                      </span>
                      <span>
                        Trained
                      </span>
                    </label>
                  </div>
                </div>
              </div>
            </div>
          </div>
          <div
            class="form-row"
          >
            <div
              class="ant-row ant-form-item ant-form-item-with-help ant-form-item-has-error"
            >
              <div
                class="ant-col ant-form-item-label"
              >
                <label
                  class="ant-form-item-required"
                  for="user-form_role"
                  title="Role"
                >
                  Role
                </label>
              </div>
              <div
                class="ant-col ant-form-item-control"
              >
                <div
                  class="ant-form-item-control-input"
                >
                  <div
                    class="ant-form-item-control-input-content"
                  >
                    <div
                      class="ant-select ant-select-single ant-select-show-arrow"
                    >
                      <div
                        class="ant-select-selector"
                      >
                        <span
                          class="ant-select-selection-search"
                        >
                          <input
                            aria-activedescendant="user-form_role_list_0"
                            aria-autocomplete="list"
                            aria-controls="user-form_role_list"
                            aria-haspopup="listbox"
                            aria-owns="user-form_role_list"
                            autocomplete="off"
                            class="ant-select-selection-search-input"
                            id="user-form_role"
                            readonly=""
                            role="combobox"
                            style="opacity: 0;"
                            type="search"
                            unselectable="on"
                            value=""
                          />
                        </span>
                        <span
                          class="ant-select-selection-placeholder"
                        >
                          Select one..
                        </span>
                      </div>
                      <span
                        aria-hidden="true"
                        class="ant-select-arrow"
                        style="user-select: none;"
                        unselectable="on"
                      >
                        <span
                          aria-label="down"
                          class="anticon anticon-down ant-select-suffix"
                          role="img"
                        >
                          <svg
                            aria-hidden="true"
                            data-icon="down"
                            fill="currentColor"
                            focusable="false"
                            height="1em"
                            viewBox="64 64 896 896"
                            width="1em"
                          >
                            <path
                              d="M884 256h-75c-5.1 0-9.9 2.5-12.9 6.6L512 654.2 227.9 262.6c-3-4.1-7.8-6.6-12.9-6.6h-75c-6.5 0-10.3 7.4-6.5 12.7l352.6 486.1c12.8 17.6 39 17.6 51.7 0l352.6-486.1c3.9-5.3.1-12.7-6.4-12.7z"
                            />
                          </svg>
                        </span>
                      </span>
                    </div>
                  </div>
                </div>
                <div
                  class="ant-form-item-explain ant-form-item-explain-connected"
                >
                  <div
                    class="ant-form-item-explain-error"
                    role="alert"
                  >
                    Please select a Role
                  </div>
                </div>
              </div>
            </div>
          </div>
        </div>
      </div>
      <div
        class="ant-row ant-row-end ant-row-middle"
      >
        <div
          class="ant-col"
        >
          <div
            class="ant-row ant-form-item"
          >
            <div
              class="ant-col ant-form-item-control"
            >
              <div
                class="ant-form-item-control-input"
              >
                <div
                  class="ant-form-item-control-input-content"
                >
                  <label
                    class="ant-checkbox-wrapper ant-checkbox-wrapper-checked ant-checkbox-wrapper-disabled"
                  >
                    <span
                      class="ant-checkbox ant-checkbox-checked ant-checkbox-disabled"
                    >
                      <input
                        checked=""
                        class="ant-checkbox-input"
                        disabled=""
                        id="user-form_inform_user"
                        type="checkbox"
                        value=""
                      />
                      <span
                        class="ant-checkbox-inner"
                      />
                    </span>
                    <span>
                      Inform User for Changes
                    </span>
                  </label>
                </div>
              </div>
            </div>
          </div>
        </div>
        <div
          class="ant-col"
        >
          <button
            ant-click-animating-without-extra-node="true"
            class="ant-btn ant-btn-primary"
            data-testid="add-user-btn"
            type="submit"
          >
            <span>
              Add User
            </span>
          </button>
        </div>
      </div>
    </form>
  </div>
</div>
`;
